2026-03-10 16:37:38,961 INFO Loaded devices from C:\Users\37061\PycharmProjects\Emterprise-logger-adminite-\devices.json (0 entries)
2026-03-10 16:37:38,961 INFO Controller init: port=COM4 baud=9600 timeout=0.1 host=1
2026-03-10 16:37:38,971 WARNING Serial open failed (could not open port 'COM4': PermissionError(13, 'Access is denied.', None, 5)). Retrying...
2026-03-10 16:37:39,981 WARNING Serial open failed (could not open port 'COM4': PermissionError(13, 'Access is denied.', None, 5)). Retrying...
2026-03-10 16:37:41,588 WARNING Serial open failed (could not open port 'COM4': PermissionError(13, 'Access is denied.', None, 5)). Retrying...
2026-03-10 16:37:44,154 WARNING Serial open failed (could not open port 'COM4': PermissionError(13, 'Access is denied.', None, 5)). Retrying...
2026-03-10 16:37:48,259 WARNING Serial open failed (could not open port 'COM4': PermissionError(13, 'Access is denied.', None, 5)). Retrying...
2026-03-10 16:37:54,823 WARNING Serial open failed (could not open port 'COM4': PermissionError(13, 'Access is denied.', None, 5)). Retrying...
2026-03-10 16:38:04,835 WARNING Serial open failed (could not open port 'COM4': PermissionError(13, 'Access is denied.', None, 5)). Retrying...
2026-03-10 16:38:14,853 WARNING Serial open failed (could not open port 'COM4': PermissionError(13, 'Access is denied.', None, 5)). Retrying...
2026-03-10 16:38:24,870 WARNING Serial open failed (could not open port 'COM4': PermissionError(13, 'Access is denied.', None, 5)). Retrying...
2026-03-10 16:40:14,575 INFO Loaded devices from C:\Users\37061\PycharmProjects\Emterprise-logger-adminite-\devices.json (0 entries)
2026-03-10 16:40:14,575 INFO Controller init: port=COM4 baud=9600 timeout=0.1 host=1
2026-03-10 16:40:14,585 WARNING Serial open failed (could not open port 'COM4': PermissionError(13, 'Access is denied.', None, 5)). Retrying...
2026-03-10 16:40:15,591 WARNING Serial open failed (could not open port 'COM4': PermissionError(13, 'Access is denied.', None, 5)). Retrying...
2026-03-10 16:40:17,199 WARNING Serial open failed (could not open port 'COM4': PermissionError(13, 'Access is denied.', None, 5)). Retrying...
2026-03-10 16:40:19,769 WARNING Serial open failed (could not open port 'COM4': PermissionError(13, 'Access is denied.', None, 5)). Retrying...
2026-03-10 16:40:24,376 INFO Loaded devices from C:\Users\37061\PycharmProjects\Emterprise-logger-adminite-\devices.json (0 entries)
2026-03-10 16:40:24,376 INFO Controller init: port=COM4 baud=9600 timeout=0.1 host=1
2026-03-10 16:40:24,386 WARNING Serial open failed (could not open port 'COM4': PermissionError(13, 'Access is denied.', None, 5)). Retrying...
2026-03-10 16:40:25,392 WARNING Serial open failed (could not open port 'COM4': PermissionError(13, 'Access is denied.', None, 5)). Retrying...
2026-03-10 16:40:27,001 WARNING Serial open failed (could not open port 'COM4': PermissionError(13, 'Access is denied.', None, 5)). Retrying...
2026-03-10 16:40:29,571 WARNING Serial open failed (could not open port 'COM4': PermissionError(13, 'Access is denied.', None, 5)). Retrying...
2026-03-10 16:40:33,677 WARNING Serial open failed (could not open port 'COM4': PermissionError(13, 'Access is denied.', None, 5)). Retrying...
2026-03-11 16:05:58,866 INFO Loaded devices from C:\Users\37061\PycharmProjects\Emterprise-logger-adminite-\devices.json (0 entries)
2026-03-11 16:05:58,866 INFO Controller init: port=COM4 baud=9600 timeout=0.1 host=1
2026-03-11 16:05:58,884 WARNING Serial open failed (could not open port 'COM4': PermissionError(13, 'Access is denied.', None, 5)). Retrying...
2026-03-11 16:05:59,898 WARNING Serial open failed (could not open port 'COM4': PermissionError(13, 'Access is denied.', None, 5)). Retrying...
2026-03-11 16:06:01,517 WARNING Serial open failed (could not open port 'COM4': PermissionError(13, 'Access is denied.', None, 5)). Retrying...
2026-03-11 16:06:04,087 WARNING Serial open failed (could not open port 'COM4': PermissionError(13, 'Access is denied.', None, 5)). Retrying...
2026-03-11 16:06:08,198 WARNING Serial open failed (could not open port 'COM4': PermissionError(13, 'Access is denied.', None, 5)). Retrying...
2026-03-11 16:06:14,769 WARNING Serial open failed (could not open port 'COM4': PermissionError(13, 'Access is denied.', None, 5)). Retrying...
2026-03-11 16:06:24,786 WARNING Serial open failed (could not open port 'COM4': PermissionError(13, 'Access is denied.', None, 5)). Retrying...
2026-03-11 16:06:34,808 WARNING Serial open failed (could not open port 'COM4': PermissionError(13, 'Access is denied.', None, 5)). Retrying...
2026-03-11 17:05:42,569 INFO Loaded devices from C:\Users\37061\PycharmProjects\Emterprise-logger-adminite-\devices.json (0 entries)
2026-03-11 17:05:42,569 INFO Controller init: port=COM4 baud=9600 timeout=0.1 host=1
2026-03-11 17:05:42,594 WARNING Serial open failed (could not open port 'COM4': PermissionError(13, 'Access is denied.', None, 5)). Retrying...
2026-03-11 17:05:43,610 WARNING Serial open failed (could not open port 'COM4': PermissionError(13, 'Access is denied.', None, 5)). Retrying...
2026-03-11 17:05:45,224 WARNING Serial open failed (could not open port 'COM4': PermissionError(13, 'Access is denied.', None, 5)). Retrying...
2026-03-11 17:05:47,800 WARNING Serial open failed (could not open port 'COM4': PermissionError(13, 'Access is denied.', None, 5)). Retrying...
2026-03-11 17:05:51,215 INFO Loaded devices from C:\Users\37061\PycharmProjects\Emterprise-logger-adminite-\devices.json (0 entries)
2026-03-11 17:05:51,216 INFO Controller init: port=COM4 baud=9600 timeout=0.1 host=1
2026-03-11 17:05:51,232 WARNING Serial open failed (could not open port 'COM4': PermissionError(13, 'Access is denied.', None, 5)). Retrying...
2026-03-11 17:05:52,245 WARNING Serial open failed (could not open port 'COM4': PermissionError(13, 'Access is denied.', None, 5)). Retrying...
2026-03-11 17:05:53,862 WARNING Serial open failed (could not open port 'COM4': PermissionError(13, 'Access is denied.', None, 5)). Retrying...
2026-03-11 17:05:56,437 WARNING Serial open failed (could not open port 'COM4': PermissionError(13, 'Access is denied.', None, 5)). Retrying...
2026-03-11 17:06:00,549 WARNING Serial open failed (could not open port 'COM4': PermissionError(13, 'Access is denied.', None, 5)). Retrying...
2026-03-11 17:06:07,118 WARNING Serial open failed (could not open port 'COM4': PermissionError(13, 'Access is denied.', None, 5)). Retrying...
2026-03-11 17:06:17,138 WARNING Serial open failed (could not open port 'COM4': PermissionError(13, 'Access is denied.', None, 5)). Retrying...
2026-03-11 17:06:27,155 WARNING Serial open failed (could not open port 'COM4': PermissionError(13, 'Access is denied.', None, 5)). Retrying...
2026-03-11 17:06:37,173 WARNING Serial open failed (could not open port 'COM4': PermissionError(13, 'Access is denied.', None, 5)). Retrying...
2026-03-11 17:06:47,193 WARNING Serial open failed (could not open port 'COM4': PermissionError(13, 'Access is denied.', None, 5)). Retrying...
2026-03-11 17:06:57,211 WARNING Serial open failed (could not open port 'COM4': PermissionError(13, 'Access is denied.', None, 5)). Retrying...
2026-03-11 17:07:07,229 WARNING Serial open failed (could not open port 'COM4': PermissionError(13, 'Access is denied.', None, 5)). Retrying...
2026-03-11 17:07:17,245 WARNING Serial open failed (could not open port 'COM4': PermissionError(13, 'Access is denied.', None, 5)). Retrying...
2026-03-11 17:07:27,261 WARNING Serial open failed (could not open port 'COM4': PermissionError(13, 'Access is denied.', None, 5)). Retrying...
2026-03-11 17:07:34,324 INFO Loaded devices from C:\Users\37061\PycharmProjects\Emterprise-logger-adminite-\devices.json (0 entries)
2026-03-11 17:07:34,325 INFO Controller init: port=COM4 baud=9600 timeout=0.1 host=1
2026-03-11 17:07:34,343 WARNING Serial open failed (could not open port 'COM4': PermissionError(13, 'Access is denied.', None, 5)). Retrying...
2026-03-11 17:07:35,358 WARNING Serial open failed (could not open port 'COM4': PermissionError(13, 'Access is denied.', None, 5)). Retrying...
2026-03-11 17:07:36,974 WARNING Serial open failed (could not open port 'COM4': PermissionError(13, 'Access is denied.', None, 5)). Retrying...
2026-03-11 17:07:39,551 WARNING Serial open failed (could not open port 'COM4': PermissionError(13, 'Access is denied.', None, 5)). Retrying...
2026-03-11 17:07:43,663 WARNING Serial open failed (could not open port 'COM4': PermissionError(13, 'Access is denied.', None, 5)). Retrying...
2026-03-11 17:16:16,755 INFO Loaded devices from C:\Users\37061\PycharmProjects\Emterprise-logger-adminite-\devices.json (0 entries)
2026-03-11 17:16:16,755 INFO Controller init: port=COM4 baud=9600 timeout=0.1 host=1
2026-03-11 17:16:16,767 WARNING Serial open failed (could not open port 'COM4': PermissionError(13, 'Access is denied.', None, 5)). Retrying...
2026-03-11 17:16:17,776 WARNING Serial open failed (could not open port 'COM4': PermissionError(13, 'Access is denied.', None, 5)). Retrying...
2026-03-11 17:16:19,386 WARNING Serial open failed (could not open port 'COM4': PermissionError(13, 'Access is denied.', None, 5)). Retrying...
2026-03-11 17:16:21,957 WARNING Serial open failed (could not open port 'COM4': PermissionError(13, 'Access is denied.', None, 5)). Retrying...
2026-03-11 17:16:26,062 WARNING Serial open failed (could not open port 'COM4': PermissionError(13, 'Access is denied.', None, 5)). Retrying...
2026-03-11 17:16:32,623 WARNING Serial open failed (could not open port 'COM4': PermissionError(13, 'Access is denied.', None, 5)). Retrying...
2026-03-11 17:26:05,475 INFO Loaded devices from C:\Users\37061\PycharmProjects\Emterprise-logger-adminite-\devices.json (0 entries)
2026-03-11 17:26:05,475 INFO Controller init: port=COM4 baud=9600 timeout=0.1 host=1
2026-03-11 17:26:05,488 WARNING Serial open failed (could not open port 'COM4': PermissionError(13, 'Access is denied.', None, 5)). Retrying...
2026-03-11 17:26:06,497 WARNING Serial open failed (could not open port 'COM4': PermissionError(13, 'Access is denied.', None, 5)). Retrying...
2026-03-11 17:26:08,107 WARNING Serial open failed (could not open port 'COM4': PermissionError(13, 'Access is denied.', None, 5)). Retrying...
2026-03-11 17:26:10,679 WARNING Serial open failed (could not open port 'COM4': PermissionError(13, 'Access is denied.', None, 5)). Retrying...
2026-03-11 17:26:14,789 WARNING Serial open failed (could not open port 'COM4': PermissionError(13, 'Access is denied.', None, 5)). Retrying...
2026-03-11 17:26:21,353 WARNING Serial open failed (could not open port 'COM4': PermissionError(13, 'Access is denied.', None, 5)). Retrying...
2026-03-11 17:26:31,364 WARNING Serial open failed (could not open port 'COM4': PermissionError(13, 'Access is denied.', None, 5)). Retrying...
2026-03-11 17:26:41,370 WARNING Serial open failed (could not open port 'COM4': PermissionError(13, 'Access is denied.', None, 5)). Retrying...
2026-03-11 17:26:51,378 WARNING Serial open failed (could not open port 'COM4': PermissionError(13, 'Access is denied.', None, 5)). Retrying...
2026-03-11 17:27:01,387 WARNING Serial open failed (could not open port 'COM4': PermissionError(13, 'Access is denied.', None, 5)). Retrying...
2026-03-11 17:27:11,401 WARNING Serial open failed (could not open port 'COM4': PermissionError(13, 'Access is denied.', None, 5)). Retrying...
2026-03-11 17:27:21,414 WARNING Serial open failed (could not open port 'COM4': PermissionError(13, 'Access is denied.', None, 5)). Retrying...
2026-03-11 17:27:31,427 WARNING Serial open failed (could not open port 'COM4': PermissionError(13, 'Access is denied.', None, 5)). Retrying...
2026-03-11 17:27:41,439 WARNING Serial open failed (could not open port 'COM4': PermissionError(13, 'Access is denied.', None, 5)). Retrying...
2026-03-11 17:27:51,452 WARNING Serial open failed (could not open port 'COM4': PermissionError(13, 'Access is denied.', None, 5)). Retrying...
2026-03-11 17:28:01,469 WARNING Serial open failed (could not open port 'COM4': PermissionError(13, 'Access is denied.', None, 5)). Retrying...
2026-03-11 17:28:11,482 WARNING Serial open failed (could not open port 'COM4': PermissionError(13, 'Access is denied.', None, 5)). Retrying...
2026-03-11 17:28:21,491 WARNING Serial open failed (could not open port 'COM4': PermissionError(13, 'Access is denied.', None, 5)). Retrying...
2026-03-11 17:28:31,505 WARNING Serial open failed (could not open port 'COM4': PermissionError(13, 'Access is denied.', None, 5)). Retrying...
2026-03-11 17:28:41,516 WARNING Serial open failed (could not open port 'COM4': PermissionError(13, 'Access is denied.', None, 5)). Retrying...
2026-03-11 17:28:51,529 WARNING Serial open failed (could not open port 'COM4': PermissionError(13, 'Access is denied.', None, 5)). Retrying...
2026-03-11 17:29:01,539 WARNING Serial open failed (could not open port 'COM4': PermissionError(13, 'Access is denied.', None, 5)). Retrying...
2026-03-11 17:29:11,549 WARNING Serial open failed (could not open port 'COM4': PermissionError(13, 'Access is denied.', None, 5)). Retrying...
2026-03-11 17:29:21,560 WARNING Serial open failed (could not open port 'COM4': PermissionError(13, 'Access is denied.', None, 5)). Retrying...
2026-03-11 17:29:31,570 WARNING Serial open failed (could not open port 'COM4': PermissionError(13, 'Access is denied.', None, 5)). Retrying...
2026-03-11 17:29:41,583 WARNING Serial open failed (could not open port 'COM4': PermissionError(13, 'Access is denied.', None, 5)). Retrying...
2026-03-11 17:29:51,594 WARNING Serial open failed (could not open port 'COM4': PermissionError(13, 'Access is denied.', None, 5)). Retrying...
2026-03-11 17:29:57,526 INFO Loaded devices from C:\Users\37061\PycharmProjects\Emterprise-logger-adminite-\devices.json (0 entries)
2026-03-11 17:29:57,527 INFO Controller init: port=COM4 baud=9600 timeout=0.1 host=1
2026-03-11 17:29:57,538 WARNING Serial open failed (could not open port 'COM4': PermissionError(13, 'Access is denied.', None, 5)). Retrying...
2026-03-11 17:29:58,546 WARNING Serial open failed (could not open port 'COM4': PermissionError(13, 'Access is denied.', None, 5)). Retrying...
2026-03-11 17:30:00,152 WARNING Serial open failed (could not open port 'COM4': PermissionError(13, 'Access is denied.', None, 5)). Retrying...
2026-03-11 17:30:01,604 WARNING Serial open failed (could not open port 'COM4': PermissionError(13, 'Access is denied.', None, 5)). Retrying...
2026-03-11 17:30:02,722 WARNING Serial open failed (could not open port 'COM4': PermissionError(13, 'Access is denied.', None, 5)). Retrying...
2026-03-11 17:30:11,610 WARNING Serial open failed (could not open port 'COM4': PermissionError(13, 'Access is denied.', None, 5)). Retrying...
2026-03-11 17:30:21,621 WARNING Serial open failed (could not open port 'COM4': PermissionError(13, 'Access is denied.', None, 5)). Retrying...
2026-03-11 17:30:31,628 WARNING Serial open failed (could not open port 'COM4': PermissionError(13, 'Access is denied.', None, 5)). Retrying...
2026-03-11 17:30:41,637 WARNING Serial open failed (could not open port 'COM4': PermissionError(13, 'Access is denied.', None, 5)). Retrying...
2026-03-11 17:30:51,650 WARNING Serial open failed (could not open port 'COM4': PermissionError(13, 'Access is denied.', None, 5)). Retrying...
2026-03-11 17:31:01,667 WARNING Serial open failed (could not open port 'COM4': PermissionError(13, 'Access is denied.', None, 5)). Retrying...
2026-03-11 17:31:11,675 WARNING Serial open failed (could not open port 'COM4': PermissionError(13, 'Access is denied.', None, 5)). Retrying...
2026-03-11 17:31:21,689 WARNING Serial open failed (could not open port 'COM4': PermissionError(13, 'Access is denied.', None, 5)). Retrying...
2026-03-11 17:31:31,704 WARNING Serial open failed (could not open port 'COM4': PermissionError(13, 'Access is denied.', None, 5)). Retrying...
2026-03-11 17:31:41,717 WARNING Serial open failed (could not open port 'COM4': PermissionError(13, 'Access is denied.', None, 5)). Retrying...
2026-03-11 17:31:51,734 WARNING Serial open failed (could not open port 'COM4': PermissionError(13, 'Access is denied.', None, 5)). Retrying...
2026-03-11 17:32:01,745 WARNING Serial open failed (could not open port 'COM4': PermissionError(13, 'Access is denied.', None, 5)). Retrying...
2026-03-11 17:32:11,757 WARNING Serial open failed (could not open port 'COM4': PermissionError(13, 'Access is denied.', None, 5)). Retrying...
2026-03-11 17:32:21,769 WARNING Serial open failed (could not open port 'COM4': PermissionError(13, 'Access is denied.', None, 5)). Retrying...
2026-03-11 17:32:31,781 WARNING Serial open failed (could not open port 'COM4': PermissionError(13, 'Access is denied.', None, 5)). Retrying...
2026-03-11 17:32:42,290 WARNING Serial open failed (could not open port 'COM4': FileNotFoundError(2, 'The system cannot find the file specified.', None, 2)). Retrying...
2026-03-11 17:36:14,342 INFO Loaded devices from C:\Users\37061\PycharmProjects\Emterprise-logger-adminite-\devices.json (0 entries)
2026-03-11 17:36:14,342 INFO Controller init: port=COM4 baud=9600 timeout=0.1 host=1
2026-03-11 17:36:14,352 WARNING Serial open failed (could not open port 'COM4': PermissionError(13, 'Access is denied.', None, 5)). Retrying...
2026-03-11 17:36:15,360 WARNING Serial open failed (could not open port 'COM4': PermissionError(13, 'Access is denied.', None, 5)). Retrying...
2026-03-11 17:36:16,969 WARNING Serial open failed (could not open port 'COM4': PermissionError(13, 'Access is denied.', None, 5)). Retrying...
2026-03-11 17:36:19,539 WARNING Serial open failed (could not open port 'COM4': PermissionError(13, 'Access is denied.', None, 5)). Retrying...
2026-03-11 17:36:23,650 WARNING Serial open failed (could not open port 'COM4': PermissionError(13, 'Access is denied.', None, 5)). Retrying...
2026-03-11 18:06:31,898 INFO Loaded devices from C:\Users\37061\PycharmProjects\Emterprise-logger-adminite-\devices.json (0 entries)
2026-03-11 18:06:31,898 INFO Controller init: port=COM4 baud=9600 timeout=0.1 host=1
2026-03-11 18:06:31,911 WARNING Serial open failed (could not open port 'COM4': PermissionError(13, 'Access is denied.', None, 5)). Retrying...
2026-03-11 18:06:32,920 WARNING Serial open failed (could not open port 'COM4': PermissionError(13, 'Access is denied.', None, 5)). Retrying...
2026-03-11 18:06:34,528 WARNING Serial open failed (could not open port 'COM4': PermissionError(13, 'Access is denied.', None, 5)). Retrying...
2026-03-11 18:06:37,100 WARNING Serial open failed (could not open port 'COM4': PermissionError(13, 'Access is denied.', None, 5)). Retrying...
2026-03-11 18:06:41,202 WARNING Serial open failed (could not open port 'COM4': PermissionError(13, 'Access is denied.', None, 5)). Retrying...
2026-03-11 18:06:47,767 WARNING Serial open failed (could not open port 'COM4': PermissionError(13, 'Access is denied.', None, 5)). Retrying...
2026-03-11 18:06:57,776 WARNING Serial open failed (could not open port 'COM4': PermissionError(13, 'Access is denied.', None, 5)). Retrying...
2026-03-11 18:07:07,787 WARNING Serial open failed (could not open port 'COM4': PermissionError(13, 'Access is denied.', None, 5)). Retrying...
2026-03-11 18:07:17,799 WARNING Serial open failed (could not open port 'COM4': PermissionError(13, 'Access is denied.', None, 5)). Retrying...
2026-03-11 18:07:27,813 WARNING Serial open failed (could not open port 'COM4': PermissionError(13, 'Access is denied.', None, 5)). Retrying...
2026-03-11 18:07:37,822 WARNING Serial open failed (could not open port 'COM4': PermissionError(13, 'Access is denied.', None, 5)). Retrying...
2026-03-11 18:07:47,831 WARNING Serial open failed (could not open port 'COM4': PermissionError(13, 'Access is denied.', None, 5)). Retrying...
2026-03-11 18:07:57,842 WARNING Serial open failed (could not open port 'COM4': PermissionError(13, 'Access is denied.', None, 5)). Retrying...
2026-03-11 18:08:07,857 WARNING Serial open failed (could not open port 'COM4': PermissionError(13, 'Access is denied.', None, 5)). Retrying...
2026-03-11 18:08:17,876 WARNING Serial open failed (could not open port 'COM4': PermissionError(13, 'Access is denied.', None, 5)). Retrying...
2026-03-11 18:08:27,895 WARNING Serial open failed (could not open port 'COM4': PermissionError(13, 'Access is denied.', None, 5)). Retrying...
2026-03-11 18:08:37,917 WARNING Serial open failed (could not open port 'COM4': PermissionError(13, 'Access is denied.', None, 5)). Retrying...
2026-03-11 18:08:47,933 WARNING Serial open failed (could not open port 'COM4': PermissionError(13, 'Access is denied.', None, 5)). Retrying...
2026-03-11 18:08:57,949 WARNING Serial open failed (could not open port 'COM4': PermissionError(13, 'Access is denied.', None, 5)). Retrying...
2026-03-11 18:09:07,970 WARNING Serial open failed (could not open port 'COM4': PermissionError(13, 'Access is denied.', None, 5)). Retrying...
2026-03-11 18:09:17,990 WARNING Serial open failed (could not open port 'COM4': PermissionError(13, 'Access is denied.', None, 5)). Retrying...
2026-03-11 18:09:28,007 WARNING Serial open failed (could not open port 'COM4': PermissionError(13, 'Access is denied.', None, 5)). Retrying...
2026-03-11 18:09:38,023 WARNING Serial open failed (could not open port 'COM4': PermissionError(13, 'Access is denied.', None, 5)). Retrying...
2026-03-11 18:09:48,034 WARNING Serial open failed (could not open port 'COM4': PermissionError(13, 'Access is denied.', None, 5)). Retrying...
2026-03-11 18:09:58,046 WARNING Serial open failed (could not open port 'COM4': PermissionError(13, 'Access is denied.', None, 5)). Retrying...
2026-03-11 18:10:08,059 WARNING Serial open failed (could not open port 'COM4': PermissionError(13, 'Access is denied.', None, 5)). Retrying...
2026-03-11 18:10:18,070 WARNING Serial open failed (could not open port 'COM4': PermissionError(13, 'Access is denied.', None, 5)). Retrying...
2026-03-11 18:10:28,086 WARNING Serial open failed (could not open port 'COM4': PermissionError(13, 'Access is denied.', None, 5)). Retrying...
2026-03-11 18:10:38,099 WARNING Serial open failed (could not open port 'COM4': PermissionError(13, 'Access is denied.', None, 5)). Retrying...
2026-03-11 18:10:48,110 WARNING Serial open failed (could not open port 'COM4': PermissionError(13, 'Access is denied.', None, 5)). Retrying...
2026-03-11 18:10:58,123 WARNING Serial open failed (could not open port 'COM4': PermissionError(13, 'Access is denied.', None, 5)). Retrying...
2026-03-11 18:11:08,130 WARNING Serial open failed (could not open port 'COM4': PermissionError(13, 'Access is denied.', None, 5)). Retrying...
2026-03-11 18:11:18,138 WARNING Serial open failed (could not open port 'COM4': PermissionError(13, 'Access is denied.', None, 5)). Retrying...
2026-03-11 18:11:28,148 WARNING Serial open failed (could not open port 'COM4': PermissionError(13, 'Access is denied.', None, 5)). Retrying...
2026-03-11 18:11:38,155 WARNING Serial open failed (could not open port 'COM4': PermissionError(13, 'Access is denied.', None, 5)). Retrying...
2026-03-11 18:11:48,162 WARNING Serial open failed (could not open port 'COM4': PermissionError(13, 'Access is denied.', None, 5)). Retrying...
2026-03-11 18:11:58,172 WARNING Serial open failed (could not open port 'COM4': PermissionError(13, 'Access is denied.', None, 5)). Retrying...
2026-03-11 18:12:08,184 WARNING Serial open failed (could not open port 'COM4': PermissionError(13, 'Access is denied.', None, 5)). Retrying...
2026-03-11 18:12:18,193 WARNING Serial open failed (could not open port 'COM4': PermissionError(13, 'Access is denied.', None, 5)). Retrying...
2026-03-11 18:12:28,199 WARNING Serial open failed (could not open port 'COM4': PermissionError(13, 'Access is denied.', None, 5)). Retrying...
2026-03-11 18:12:38,210 WARNING Serial open failed (could not open port 'COM4': PermissionError(13, 'Access is denied.', None, 5)). Retrying...
2026-03-11 18:12:48,220 WARNING Serial open failed (could not open port 'COM4': PermissionError(13, 'Access is denied.', None, 5)). Retrying...
2026-03-11 18:12:49,292 INFO Loaded devices from C:\Users\37061\PycharmProjects\Emterprise-logger-adminite-\devices.json (0 entries)
2026-03-11 18:12:49,292 INFO Controller init: port=COM4 baud=9600 timeout=0.1 host=1
2026-03-11 18:12:49,301 WARNING Serial open failed (could not open port 'COM4': PermissionError(13, 'Access is denied.', None, 5)). Retrying...
2026-03-11 18:12:50,309 WARNING Serial open failed (could not open port 'COM4': PermissionError(13, 'Access is denied.', None, 5)). Retrying...
2026-03-11 18:12:51,916 WARNING Serial open failed (could not open port 'COM4': PermissionError(13, 'Access is denied.', None, 5)). Retrying...
2026-03-11 18:12:54,488 WARNING Serial open failed (could not open port 'COM4': PermissionError(13, 'Access is denied.', None, 5)). Retrying...
2026-03-11 18:12:58,227 WARNING Serial open failed (could not open port 'COM4': PermissionError(13, 'Access is denied.', None, 5)). Retrying...
2026-03-11 18:12:58,591 WARNING Serial open failed (could not open port 'COM4': PermissionError(13, 'Access is denied.', None, 5)). Retrying...
2026-03-11 18:13:06,389 INFO Loaded devices from C:\Users\37061\PycharmProjects\Emterprise-logger-adminite-\devices.json (0 entries)
2026-03-11 18:13:06,389 INFO Controller init: port=COM4 baud=9600 timeout=0.1 host=1
2026-03-11 18:13:06,399 WARNING Serial open failed (could not open port 'COM4': PermissionError(13, 'Access is denied.', None, 5)). Retrying...
2026-03-11 18:13:07,405 WARNING Serial open failed (could not open port 'COM4': PermissionError(13, 'Access is denied.', None, 5)). Retrying...
2026-03-11 18:13:08,237 WARNING Serial open failed (could not open port 'COM4': PermissionError(13, 'Access is denied.', None, 5)). Retrying...
2026-03-11 18:13:09,013 WARNING Serial open failed (could not open port 'COM4': PermissionError(13, 'Access is denied.', None, 5)). Retrying...
2026-03-11 18:13:11,583 WARNING Serial open failed (could not open port 'COM4': PermissionError(13, 'Access is denied.', None, 5)). Retrying...
2026-03-11 18:13:15,687 WARNING Serial open failed (could not open port 'COM4': PermissionError(13, 'Access is denied.', None, 5)). Retrying...
2026-03-11 18:13:18,247 WARNING Serial open failed (could not open port 'COM4': PermissionError(13, 'Access is denied.', None, 5)). Retrying...
2026-03-11 18:13:22,250 WARNING Serial open failed (could not open port 'COM4': PermissionError(13, 'Access is denied.', None, 5)). Retrying...
2026-03-11 18:13:28,257 WARNING Serial open failed (could not open port 'COM4': PermissionError(13, 'Access is denied.', None, 5)). Retrying...
2026-03-11 18:13:32,270 WARNING Serial open failed (could not open port 'COM4': PermissionError(13, 'Access is denied.', None, 5)). Retrying...
2026-03-11 18:13:38,266 WARNING Serial open failed (could not open port 'COM4': PermissionError(13, 'Access is denied.', None, 5)). Retrying...
2026-03-11 18:13:42,295 WARNING Serial open failed (could not open port 'COM4': PermissionError(13, 'Access is denied.', None, 5)). Retrying...
2026-03-11 18:13:48,276 WARNING Serial open failed (could not open port 'COM4': PermissionError(13, 'Access is denied.', None, 5)). Retrying...
2026-03-11 18:13:52,316 WARNING Serial open failed (could not open port 'COM4': PermissionError(13, 'Access is denied.', None, 5)). Retrying...
2026-03-11 18:13:58,291 WARNING Serial open failed (could not open port 'COM4': PermissionError(13, 'Access is denied.', None, 5)). Retrying...
2026-03-11 18:14:02,335 WARNING Serial open failed (could not open port 'COM4': PermissionError(13, 'Access is denied.', None, 5)). Retrying...
2026-03-11 18:14:08,316 WARNING Serial open failed (could not open port 'COM4': PermissionError(13, 'Access is denied.', None, 5)). Retrying...
2026-03-11 18:14:12,357 WARNING Serial open failed (could not open port 'COM4': PermissionError(13, 'Access is denied.', None, 5)). Retrying...
2026-03-11 18:14:18,330 WARNING Serial open failed (could not open port 'COM4': PermissionError(13, 'Access is denied.', None, 5)). Retrying...
2026-03-11 18:14:22,376 WARNING Serial open failed (could not open port 'COM4': PermissionError(13, 'Access is denied.', None, 5)). Retrying...
2026-03-11 18:14:28,342 WARNING Serial open failed (could not open port 'COM4': PermissionError(13, 'Access is denied.', None, 5)). Retrying...
2026-03-11 18:14:38,350 WARNING Serial open failed (could not open port 'COM4': PermissionError(13, 'Access is denied.', None, 5)). Retrying...
2026-03-11 18:14:48,356 WARNING Serial open failed (could not open port 'COM4': PermissionError(13, 'Access is denied.', None, 5)). Retrying...
2026-03-11 18:14:58,364 WARNING Serial open failed (could not open port 'COM4': PermissionError(13, 'Access is denied.', None, 5)). Retrying...
2026-03-11 18:15:08,379 WARNING Serial open failed (could not open port 'COM4': PermissionError(13, 'Access is denied.', None, 5)). Retrying...
2026-03-11 18:15:18,400 WARNING Serial open failed (could not open port 'COM4': PermissionError(13, 'Access is denied.', None, 5)). Retrying...
2026-03-11 18:15:28,421 WARNING Serial open failed (could not open port 'COM4': PermissionError(13, 'Access is denied.', None, 5)). Retrying...
2026-03-11 18:15:38,439 WARNING Serial open failed (could not open port 'COM4': PermissionError(13, 'Access is denied.', None, 5)). Retrying...
2026-03-11 18:15:48,453 WARNING Serial open failed (could not open port 'COM4': PermissionError(13, 'Access is denied.', None, 5)). Retrying...
2026-03-11 18:15:58,469 WARNING Serial open failed (could not open port 'COM4': PermissionError(13, 'Access is denied.', None, 5)). Retrying...
2026-03-11 18:16:08,489 WARNING Serial open failed (could not open port 'COM4': PermissionError(13, 'Access is denied.', None, 5)). Retrying...
2026-03-11 18:16:18,508 WARNING Serial open failed (could not open port 'COM4': PermissionError(13, 'Access is denied.', None, 5)). Retrying...
2026-03-11 18:16:28,527 WARNING Serial open failed (could not open port 'COM4': PermissionError(13, 'Access is denied.', None, 5)). Retrying...
2026-03-11 18:16:38,547 WARNING Serial open failed (could not open port 'COM4': PermissionError(13, 'Access is denied.', None, 5)). Retrying...
2026-03-11 18:16:48,565 WARNING Serial open failed (could not open port 'COM4': PermissionError(13, 'Access is denied.', None, 5)). Retrying...
2026-03-11 18:16:58,577 WARNING Serial open failed (could not open port 'COM4': PermissionError(13, 'Access is denied.', None, 5)). Retrying...
2026-03-11 18:17:08,588 WARNING Serial open failed (could not open port 'COM4': PermissionError(13, 'Access is denied.', None, 5)). Retrying...
2026-03-11 18:17:18,599 WARNING Serial open failed (could not open port 'COM4': PermissionError(13, 'Access is denied.', None, 5)). Retrying...
2026-03-11 18:17:28,608 WARNING Serial open failed (could not open port 'COM4': PermissionError(13, 'Access is denied.', None, 5)). Retrying...
2026-03-11 18:17:38,619 WARNING Serial open failed (could not open port 'COM4': PermissionError(13, 'Access is denied.', None, 5)). Retrying...
2026-03-11 18:17:48,627 WARNING Serial open failed (could not open port 'COM4': PermissionError(13, 'Access is denied.', None, 5)). Retrying...
2026-03-11 18:17:58,640 WARNING Serial open failed (could not open port 'COM4': PermissionError(13, 'Access is denied.', None, 5)). Retrying...
2026-03-11 18:18:08,649 WARNING Serial open failed (could not open port 'COM4': PermissionError(13, 'Access is denied.', None, 5)). Retrying...
2026-03-11 18:18:18,657 WARNING Serial open failed (could not open port 'COM4': PermissionError(13, 'Access is denied.', None, 5)). Retrying...
2026-03-11 18:18:28,664 WARNING Serial open failed (could not open port 'COM4': PermissionError(13, 'Access is denied.', None, 5)). Retrying...
2026-03-11 18:18:38,671 WARNING Serial open failed (could not open port 'COM4': PermissionError(13, 'Access is denied.', None, 5)). Retrying...
2026-03-11 18:29:36,088 INFO Loaded devices from C:\Users\37061\PycharmProjects\Emterprise-logger-adminite-\devices.json (0 entries)
2026-03-11 18:29:36,088 INFO Controller init: port=COM4 baud=9600 timeout=0.1 host=1
2026-03-11 18:29:36,097 WARNING Serial open failed (could not open port 'COM4': PermissionError(13, 'Access is denied.', None, 5)). Retrying...
2026-03-11 18:29:37,104 WARNING Serial open failed (could not open port 'COM4': PermissionError(13, 'Access is denied.', None, 5)). Retrying...
2026-03-11 18:29:38,633 INFO Loaded devices from C:\Users\37061\PycharmProjects\Emterprise-logger-adminite-\devices.json (0 entries)
2026-03-11 18:29:38,633 INFO Controller init: port=COM4 baud=9600 timeout=0.1 host=1
2026-03-11 18:29:38,643 WARNING Serial open failed (could not open port 'COM4': PermissionError(13, 'Access is denied.', None, 5)). Retrying...
2026-03-11 18:29:39,650 WARNING Serial open failed (could not open port 'COM4': PermissionError(13, 'Access is denied.', None, 5)). Retrying...
2026-03-11 18:29:41,256 WARNING Serial open failed (could not open port 'COM4': PermissionError(13, 'Access is denied.', None, 5)). Retrying...
2026-03-11 18:29:43,823 WARNING Serial open failed (could not open port 'COM4': PermissionError(13, 'Access is denied.', None, 5)). Retrying...
2026-03-11 18:29:47,928 WARNING Serial open failed (could not open port 'COM4': PermissionError(13, 'Access is denied.', None, 5)). Retrying...
2026-03-11 18:29:54,493 WARNING Serial open failed (could not open port 'COM4': PermissionError(13, 'Access is denied.', None, 5)). Retrying...
2026-03-11 18:30:04,507 WARNING Serial open failed (could not open port 'COM4': PermissionError(13, 'Access is denied.', None, 5)). Retrying...
2026-03-11 18:30:14,524 WARNING Serial open failed (could not open port 'COM4': PermissionError(13, 'Access is denied.', None, 5)). Retrying...
2026-03-11 18:30:24,539 WARNING Serial open failed (could not open port 'COM4': PermissionError(13, 'Access is denied.', None, 5)). Retrying...
2026-03-11 18:30:34,547 WARNING Serial open failed (could not open port 'COM4': PermissionError(13, 'Access is denied.', None, 5)). Retrying...
2026-03-11 18:30:44,564 WARNING Serial open failed (could not open port 'COM4': PermissionError(13, 'Access is denied.', None, 5)). Retrying...
2026-03-11 18:30:54,578 WARNING Serial open failed (could not open port 'COM4': PermissionError(13, 'Access is denied.', None, 5)). Retrying...
2026-03-11 18:31:04,592 WARNING Serial open failed (could not open port 'COM4': PermissionError(13, 'Access is denied.', None, 5)). Retrying...
2026-03-11 18:31:14,608 WARNING Serial open failed (could not open port 'COM4': PermissionError(13, 'Access is denied.', None, 5)). Retrying...
2026-03-11 18:31:24,630 WARNING Serial open failed (could not open port 'COM4': PermissionError(13, 'Access is denied.', None, 5)). Retrying...
2026-03-11 18:31:34,650 WARNING Serial open failed (could not open port 'COM4': PermissionError(13, 'Access is denied.', None, 5)). Retrying...
2026-03-11 18:31:44,668 WARNING Serial open failed (could not open port 'COM4': PermissionError(13, 'Access is denied.', None, 5)). Retrying...
2026-03-11 18:31:54,692 WARNING Serial open failed (could not open port 'COM4': PermissionError(13, 'Access is denied.', None, 5)). Retrying...
2026-03-11 18:32:04,708 WARNING Serial open failed (could not open port 'COM4': PermissionError(13, 'Access is denied.', None, 5)). Retrying...
2026-03-11 18:32:14,719 WARNING Serial open failed (could not open port 'COM4': PermissionError(13, 'Access is denied.', None, 5)). Retrying...
2026-03-11 18:32:24,732 WARNING Serial open failed (could not open port 'COM4': PermissionError(13, 'Access is denied.', None, 5)). Retrying...
2026-03-11 18:32:34,753 WARNING Serial open failed (could not open port 'COM4': PermissionError(13, 'Access is denied.', None, 5)). Retrying...
2026-03-11 18:32:44,772 WARNING Serial open failed (could not open port 'COM4': PermissionError(13, 'Access is denied.', None, 5)). Retrying...
2026-03-11 18:32:54,790 WARNING Serial open failed (could not open port 'COM4': PermissionError(13, 'Access is denied.', None, 5)). Retrying...
2026-03-11 18:33:04,808 WARNING Serial open failed (could not open port 'COM4': PermissionError(13, 'Access is denied.', None, 5)). Retrying...
2026-03-11 18:33:14,826 WARNING Serial open failed (could not open port 'COM4': PermissionError(13, 'Access is denied.', None, 5)). Retrying...
2026-03-11 18:33:24,846 WARNING Serial open failed (could not open port 'COM4': PermissionError(13, 'Access is denied.', None, 5)). Retrying...
2026-03-11 18:33:34,862 WARNING Serial open failed (could not open port 'COM4': PermissionError(13, 'Access is denied.', None, 5)). Retrying...
2026-03-11 18:33:44,883 WARNING Serial open failed (could not open port 'COM4': PermissionError(13, 'Access is denied.', None, 5)). Retrying...
2026-03-11 18:33:54,901 WARNING Serial open failed (could not open port 'COM4': PermissionError(13, 'Access is denied.', None, 5)). Retrying...
2026-03-11 18:34:04,913 WARNING Serial open failed (could not open port 'COM4': PermissionError(13, 'Access is denied.', None, 5)). Retrying...
2026-03-11 18:34:14,922 WARNING Serial open failed (could not open port 'COM4': PermissionError(13, 'Access is denied.', None, 5)). Retrying...
2026-03-11 18:34:24,934 WARNING Serial open failed (could not open port 'COM4': PermissionError(13, 'Access is denied.', None, 5)). Retrying...
2026-03-11 18:34:34,951 WARNING Serial open failed (could not open port 'COM4': PermissionError(13, 'Access is denied.', None, 5)). Retrying...
2026-03-11 18:34:44,970 WARNING Serial open failed (could not open port 'COM4': PermissionError(13, 'Access is denied.', None, 5)). Retrying...
2026-03-11 18:34:54,986 WARNING Serial open failed (could not open port 'COM4': PermissionError(13, 'Access is denied.', None, 5)). Retrying...
2026-03-11 18:35:04,994 WARNING Serial open failed (could not open port 'COM4': PermissionError(13, 'Access is denied.', None, 5)). Retrying...
2026-03-11 19:02:13,670 INFO Loaded devices from C:\Users\37061\PycharmProjects\Emterprise-logger-adminite-\devices.json (0 entries)
2026-03-11 19:02:13,670 INFO Controller init: port=COM4 baud=9600 timeout=0.1 host=1
2026-03-11 19:02:13,680 WARNING Serial open failed (could not open port 'COM4': PermissionError(13, 'Access is denied.', None, 5)). Retrying...
2026-03-11 19:02:14,687 WARNING Serial open failed (could not open port 'COM4': PermissionError(13, 'Access is denied.', None, 5)). Retrying...
2026-03-11 19:02:16,296 WARNING Serial open failed (could not open port 'COM4': PermissionError(13, 'Access is denied.', None, 5)). Retrying...
2026-03-11 19:02:18,865 WARNING Serial open failed (could not open port 'COM4': PermissionError(13, 'Access is denied.', None, 5)). Retrying...
2026-03-11 19:02:22,971 WARNING Serial open failed (could not open port 'COM4': PermissionError(13, 'Access is denied.', None, 5)). Retrying...
2026-03-11 19:02:29,535 WARNING Serial open failed (could not open port 'COM4': PermissionError(13, 'Access is denied.', None, 5)). Retrying...
2026-03-11 19:02:39,542 WARNING Serial open failed (could not open port 'COM4': PermissionError(13, 'Access is denied.', None, 5)). Retrying...
2026-03-11 19:02:49,548 WARNING Serial open failed (could not open port 'COM4': PermissionError(13, 'Access is denied.', None, 5)). Retrying...
2026-03-11 19:03:45,193 INFO Loaded devices from C:\Users\37061\PycharmProjects\Emterprise-logger-adminite-\devices.json (0 entries)
2026-03-11 19:03:45,193 INFO Controller init: port=COM4 baud=9600 timeout=0.1 host=1
2026-03-11 19:03:45,203 WARNING Serial open failed (could not open port 'COM4': PermissionError(13, 'Access is denied.', None, 5)). Retrying...
2026-03-11 19:03:46,209 WARNING Serial open failed (could not open port 'COM4': PermissionError(13, 'Access is denied.', None, 5)). Retrying...
2026-03-11 19:03:47,815 WARNING Serial open failed (could not open port 'COM4': PermissionError(13, 'Access is denied.', None, 5)). Retrying...
2026-03-11 19:03:50,386 WARNING Serial open failed (could not open port 'COM4': PermissionError(13, 'Access is denied.', None, 5)). Retrying...
2026-03-11 19:03:54,494 WARNING Serial open failed (could not open port 'COM4': PermissionError(13, 'Access is denied.', None, 5)). Retrying...
2026-03-11 19:04:01,056 WARNING Serial open failed (could not open port 'COM4': PermissionError(13, 'Access is denied.', None, 5)). Retrying...
2026-03-11 19:47:33,379 INFO Loaded devices from C:\Users\37061\PycharmProjects\Emterprise-logger-adminite-\devices.json (0 entries)
2026-03-11 19:47:33,379 INFO Controller init: port=COM4 baud=9600 timeout=0.1 host=1
2026-03-11 19:47:33,388 WARNING Serial open failed (could not open port 'COM4': PermissionError(13, 'Access is denied.', None, 5)). Retrying...
2026-03-11 19:47:34,395 WARNING Serial open failed (could not open port 'COM4': PermissionError(13, 'Access is denied.', None, 5)). Retrying...
2026-03-11 19:47:36,003 WARNING Serial open failed (could not open port 'COM4': PermissionError(13, 'Access is denied.', None, 5)). Retrying...
2026-03-11 19:47:38,575 WARNING Serial open failed (could not open port 'COM4': PermissionError(13, 'Access is denied.', None, 5)). Retrying...
2026-03-11 19:47:42,678 WARNING Serial open failed (could not open port 'COM4': PermissionError(13, 'Access is denied.', None, 5)). Retrying...
2026-03-11 19:47:49,241 WARNING Serial open failed (could not open port 'COM4': PermissionError(13, 'Access is denied.', None, 5)). Retrying...
2026-03-11 19:47:59,260 WARNING Serial open failed (could not open port 'COM4': PermissionError(13, 'Access is denied.', None, 5)). Retrying...
